[2026-08-04 15:35:22] info: function model(doc, fields, skipId) {
      model.hooks.execPreSync('createModel', doc);
      if (!(this instanceof model)) {
        return new model(doc, fields, skipId);
      }
      const discriminatorKey = model.schema.options.discriminatorKey;

      if (model.discriminators == null || doc == null || doc[discriminatorKey] == null) {
        Model.call(this, doc, fields, skipId);
        return;
      }

      // If discriminator key is set, use the discriminator instead (gh-7586)
      const Discriminator = model.discriminators[doc[discriminatorKey]] ||
        getDiscriminatorByValue(model.discriminators, doc[discriminatorKey]);
      if (Discriminator != null) {
        return new Discriminator(doc, fields, skipId);
      }

      // Otherwise, just use the top-level model
      Model.call(this, doc, fields, skipId);
    } created
[2026-08-04 15:37:21] info: User created
[2026-08-04 15:47:44] error: User Creation Error: ValidationError: email: Path `email` is required.
[2026-08-04 15:53:26] error: User Creation: ValidationError: email: Path `email` is required.
[2026-08-04 15:53:33] error: User Creation: MongoServerError: E11000 duplicate key error collection: order-pool.users index: email_1 dup key: { email: "Aziz@test.test" }
[2026-08-04 15:54:07] error: User Creation: MongoServerError: E11000 duplicate key error collection: order-pool.users index: email_1 dup key: { email: "Aziz@test.test" }
[2026-08-04 15:54:16] error: User Creation: MongoServerError: E11000 duplicate key error collection: order-pool.users index: email_1 dup key: { email: "Aziz@test.test" }
[2026-08-04 15:55:21] info: User created
[2026-08-04 16:07:06] info: User Retrieved
[2026-08-04 16:07:29] error: User Specific Retrieving: Doc Not Found
[2026-08-04 16:07:49] info: User ID: model Retrieved
[2026-08-04 16:08:48] error: User Delete: Doc Not Found
[2026-08-04 16:08:55] info: User Deleted
